Loaded queries
data/train.bitmaps
Loaded bitmaps
min log(label): 0.0
max log(label): 15.607250193662313
Number of training samples: 4613
Number of validation samples: 513
Created TensorDataset for training data
Created TensorDataset for validation data
Using lambda = 1.0 and c = 100.0 for monotonic regularization
Loaded queries
workloads/tpch7k-cmp.bitmaps
Loaded bitmaps
Epoch 0, train loss: 335.7968780517578 (qerror 335.6348602294922 reg 0.16201784312725068), val loss: 241.06382751464844 (qerror 240.9020538330078 reg 0.16177083551883698)
Epoch 1, train loss: 193.08521728515626 (qerror 192.92706909179688 reg 0.15814680159091948), val loss: 132.76939392089844 (qerror 132.59844970703125 reg 0.1709423065185547)
Epoch 2, train loss: 133.0776397705078 (qerror 132.83690490722657 reg 0.24073537290096284), val loss: 91.57012176513672 (qerror 91.20513153076172 reg 0.36499330401420593)
Epoch 3, train loss: 90.16122436523438 (qerror 89.71681671142578 reg 0.4444088876247406), val loss: 66.99403381347656 (qerror 66.45272827148438 reg 0.5413018465042114)
Epoch 4, train loss: 63.18470458984375 (qerror 62.65745468139649 reg 0.5272512197494507), val loss: 49.82819366455078 (qerror 49.275760650634766 reg 0.5524317026138306)
Epoch 5, train loss: 51.492644500732425 (qerror 50.941673278808594 reg 0.5509710073471069), val loss: 32.96223831176758 (qerror 32.43928146362305 reg 0.522956371307373)
Epoch 6, train loss: 41.26795425415039 (qerror 40.7036994934082 reg 0.5642548441886902), val loss: 23.635284423828125 (qerror 23.120952606201172 reg 0.5143315196037292)
Epoch 7, train loss: 32.29138031005859 (qerror 31.814363098144533 reg 0.47701717615127565), val loss: 27.268537521362305 (qerror 26.80037498474121 reg 0.4681628346443176)
Epoch 8, train loss: 28.801972579956054 (qerror 28.34838104248047 reg 0.45359147191047666), val loss: 19.29789161682129 (qerror 18.88051986694336 reg 0.4173714518547058)
Epoch 9, train loss: 23.04263229370117 (qerror 22.624814605712892 reg 0.417817497253418), val loss: 20.56260108947754 (qerror 20.203445434570312 reg 0.3591565489768982)
Epoch 10, train loss: 20.6736759185791 (qerror 20.308337020874024 reg 0.36533893942832946), val loss: 16.353683471679688 (qerror 16.010448455810547 reg 0.3432348668575287)
Epoch 11, train loss: 17.47759094238281 (qerror 17.130402755737304 reg 0.3471881031990051), val loss: 14.843109130859375 (qerror 14.520477294921875 reg 0.32263198494911194)
Epoch 12, train loss: 15.437342834472656 (qerror 15.121158790588378 reg 0.31618425250053406), val loss: 15.047364234924316 (qerror 14.748461723327637 reg 0.2989025413990021)
Epoch 13, train loss: 14.132182121276855 (qerror 13.830819892883301 reg 0.30136210918426515), val loss: 12.838132858276367 (qerror 12.562773704528809 reg 0.27535882592201233)
Epoch 14, train loss: 12.43574562072754 (qerror 12.148738670349122 reg 0.2870068848133087), val loss: 12.09469223022461 (qerror 11.82659912109375 reg 0.26809290051460266)
Epoch 15, train loss: 11.243577194213866 (qerror 10.981158828735351 reg 0.26241825222969056), val loss: 11.713951110839844 (qerror 11.47713565826416 reg 0.2368154525756836)
Epoch 16, train loss: 10.35638427734375 (qerror 10.108795547485352 reg 0.24758875668048858), val loss: 10.48693561553955 (qerror 10.222094535827637 reg 0.2648407220840454)
Epoch 17, train loss: 9.363969039916991 (qerror 9.11552791595459 reg 0.24844113290309905), val loss: 9.95042610168457 (qerror 9.70901870727539 reg 0.24140721559524536)
Epoch 18, train loss: 8.685166931152343 (qerror 8.444494247436523 reg 0.24067255854606628), val loss: 10.00767993927002 (qerror 9.760491371154785 reg 0.24718865752220154)
Epoch 19, train loss: 8.266940593719482 (qerror 8.047772693634034 reg 0.2191677987575531), val loss: 10.28193187713623 (qerror 10.069985389709473 reg 0.21194633841514587)
Epoch 20, train loss: 7.931096363067627 (qerror 7.7148411750793455 reg 0.21625503599643708), val loss: 9.471681594848633 (qerror 9.272172927856445 reg 0.19950899481773376)
Epoch 21, train loss: 7.32568998336792 (qerror 7.132473564147949 reg 0.19321639835834503), val loss: 8.819920539855957 (qerror 8.624314308166504 reg 0.1956060230731964)
Epoch 22, train loss: 6.818023014068603 (qerror 6.625414085388184 reg 0.19260891377925873), val loss: 9.083176612854004 (qerror 8.8773775100708 reg 0.20579944550991058)
Epoch 23, train loss: 6.5865678787231445 (qerror 6.406212520599365 reg 0.180355441570282), val loss: 9.245884895324707 (qerror 9.058367729187012 reg 0.18751747906208038)
Epoch 24, train loss: 6.324946022033691 (qerror 6.139051342010498 reg 0.1858947455883026), val loss: 8.957080841064453 (qerror 8.791468620300293 reg 0.16561190783977509)
Epoch 25, train loss: 5.885157680511474 (qerror 5.716318607330322 reg 0.1688390463590622), val loss: 8.802938461303711 (qerror 8.621360778808594 reg 0.18157784640789032)
Epoch 26, train loss: 5.616006755828858 (qerror 5.440433406829834 reg 0.1755733460187912), val loss: 9.083495140075684 (qerror 8.906615257263184 reg 0.17688030004501343)
Epoch 27, train loss: 5.56831579208374 (qerror 5.4063294410705565 reg 0.1619864135980606), val loss: 9.70648193359375 (qerror 9.548821449279785 reg 0.15766021609306335)
Epoch 28, train loss: 5.62447338104248 (qerror 5.45947265625 reg 0.16500079035758972), val loss: 9.489922523498535 (qerror 9.3239107131958 reg 0.16601218283176422)
Epoch 29, train loss: 5.288259220123291 (qerror 5.131278228759766 reg 0.1569809079170227), val loss: 9.308855056762695 (qerror 9.158528327941895 reg 0.15032631158828735)
Epoch 30, train loss: 4.833823871612549 (qerror 4.682314682006836 reg 0.15150913298130037), val loss: 8.953800201416016 (qerror 8.802596092224121 reg 0.15120376646518707)
Epoch 31, train loss: 4.711460113525391 (qerror 4.563626766204834 reg 0.1478332906961441), val loss: 9.218290328979492 (qerror 9.079753875732422 reg 0.13853609561920166)
Epoch 32, train loss: 4.598807621002197 (qerror 4.478671073913574 reg 0.12013657093048095), val loss: 9.026823997497559 (qerror 8.932150840759277 reg 0.09467335045337677)
Epoch 33, train loss: 4.295113563537598 (qerror 4.180841159820557 reg 0.11427238583564758), val loss: 9.126577377319336 (qerror 8.994366645812988 reg 0.13221092522144318)
Epoch 34, train loss: 4.161706256866455 (qerror 4.051122045516967 reg 0.11058418303728104), val loss: 8.978177070617676 (qerror 8.867768287658691 reg 0.11040908098220825)
Epoch 35, train loss: 4.123446130752564 (qerror 4.004139518737793 reg 0.11930658668279648), val loss: 9.216866493225098 (qerror 9.095052719116211 reg 0.12181393057107925)
Epoch 36, train loss: 3.9961102962493897 (qerror 3.881564712524414 reg 0.11454550921916962), val loss: 9.426855087280273 (qerror 9.304381370544434 reg 0.12247411906719208)
Epoch 37, train loss: 3.8253835678100585 (qerror 3.7181819438934327 reg 0.10720163732767105), val loss: 9.608295440673828 (qerror 9.50350284576416 reg 0.10479211807250977)
Epoch 38, train loss: 3.6760159015655516 (qerror 3.564902353286743 reg 0.11111355870962143), val loss: 9.655847549438477 (qerror 9.540892601013184 reg 0.1149546205997467)
Epoch 39, train loss: 3.580639362335205 (qerror 3.472547197341919 reg 0.10809215903282166), val loss: 9.813881874084473 (qerror 9.720295906066895 reg 0.09358581155538559)
Epoch 40, train loss: 3.5236582279205324 (qerror 3.4207051277160643 reg 0.10295310020446777), val loss: 9.972884178161621 (qerror 9.878978729248047 reg 0.09390566498041153)
Epoch 41, train loss: 3.5220970630645754 (qerror 3.418659496307373 reg 0.10343757569789887), val loss: 9.93651008605957 (qerror 9.83029842376709 reg 0.10621188580989838)
Epoch 42, train loss: 3.4665590286254884 (qerror 3.366501712799072 reg 0.10005732029676437), val loss: 10.310198783874512 (qerror 10.195075035095215 reg 0.1151236966252327)
Epoch 43, train loss: 3.333867835998535 (qerror 3.2281816005706787 reg 0.10568620413541793), val loss: 11.118982315063477 (qerror 11.023613929748535 reg 0.09536883980035782)
Epoch 44, train loss: 3.2083388328552247 (qerror 3.1085822105407717 reg 0.09975663721561431), val loss: 11.239399909973145 (qerror 11.145293235778809 reg 0.09410660713911057)
/home/elisakan_ut/RegCard/train.py:130: DeprecationWarning: Conversion of an array with ndim > 0 to a scalar is deprecated, and will error in future. Ensure you extract a single element from your array before performing this operation. (Deprecated NumPy 1.25.)
  pred_i = float(preds_unnorm[i])
Epoch 45, train loss: 3.1338171482086183 (qerror 3.0347803592681886 reg 0.09903681427240371), val loss: 10.822281837463379 (qerror 10.750370979309082 reg 0.07191087305545807)
Epoch 46, train loss: 3.106256437301636 (qerror 3.0195641040802004 reg 0.08669235855340958), val loss: 10.964484214782715 (qerror 10.886384963989258 reg 0.0780993402004242)
Epoch 47, train loss: 3.1035614967346192 (qerror 3.0175824642181395 reg 0.0859790489077568), val loss: 10.80700397491455 (qerror 10.728564262390137 reg 0.07843941450119019)
Epoch 48, train loss: 3.157848262786865 (qerror 3.0780070781707765 reg 0.07984123080968857), val loss: 10.697233200073242 (qerror 10.6146879196167 reg 0.08254490047693253)
Epoch 49, train loss: 3.1677371501922607 (qerror 3.090150022506714 reg 0.07758706957101821), val loss: 11.205842971801758 (qerror 11.13715648651123 reg 0.06868694722652435)
Prediction time per training sample: 0.00100236070303397
Prediction time per validation sample: 0.0016470866361324317

Q-Error training set:
Median: 1.4640601155176078
90th percentile: 5.315967172266233
95th percentile: 9.005442176870744
99th percentile: 26.6395904991744
Max: 140.0
Mean: 2.9248523466377288

Q-Error validation set:
Median: 1.5832336795322077
90th percentile: 7.5617739111650835
95th percentile: 16.96100829159608
99th percentile: 141.3392647378724
Max: 1739.179487179487
Mean: 11.156682119705396

Loaded queries
workloads/tpch7k-cmp.bitmaps
Loaded bitmaps
Number of test samples: 28061
Prediction time per test sample: 0.0010215693616861966

Q-Error tpch7k-cmp:
Median: 1.391207568169171
90th percentile: 7.994594594594594
95th percentile: 13.60190701667664
99th percentile: 72.52300751879713
Max: 3319.2
Mean: 5.591301316565888

MonoM tpch7k-cmp:
Median: 1.0
90th percentile: 1.0
95th percentile: 1.0
99th percentile: 1.0
Max: 1
Mean: 0.5074982300315376
